
/home/runner/work/exp-column-peri-iitd/exp-column-peri-iitd/experiment/simulation/final_styling/fix_styling.js
  17:5  warning  '$' is not defined  no-undef
  81:7  warning  '$' is not defined  no-undef
  85:7  warning  '$' is not defined  no-undef
  86:7  warning  '$' is not defined  no-undef
  93:1  warning  '$' is not defined  no-undef

/home/runner/work/exp-column-peri-iitd/exp-column-peri-iitd/experiment/simulation/js/anime.min.js
  8:69    warning  'module' is not defined                                                    no-undef
  8:115   warning  'define' is not defined                                                    no-undef
  8:126   warning  'define' is not defined                                                    no-undef
  8:913   warning  Do not access Object.prototype method 'hasOwnProperty' from target object  no-prototype-builtins
  8:1477  warning  Do not access Object.prototype method 'hasOwnProperty' from target object  no-prototype-builtins
  8:1499  warning  Do not access Object.prototype method 'hasOwnProperty' from target object  no-prototype-builtins
  8:4944  warning  Do not access Object.prototype method 'hasOwnProperty' from target object  no-prototype-builtins
  8:5090  warning  Expected a conditional expression and instead saw an assignment            no-cond-assign
  8:6945  warning  Expected a conditional expression and instead saw an assignment            no-cond-assign

/home/runner/work/exp-column-peri-iitd/exp-column-peri-iitd/experiment/simulation/js/jquery.min.js
  2:71     warning  'module' is not defined                                                    no-undef
  2:86     warning  'module' is not defined                                                    no-undef
  2:3270   warning  Expected a conditional expression and instead saw an assignment            no-cond-assign
  2:4597   warning  Unexpected control character(s) in regular expression: \x1f                no-control-regex
  2:6820   warning  Expected a conditional expression and instead saw an assignment            no-cond-assign
  2:7258   warning  Expected a conditional expression and instead saw an assignment            no-cond-assign
  2:9646   warning  Expected a conditional expression and instead saw an assignment            no-cond-assign
  2:11943  warning  Expected a conditional expression and instead saw an assignment            no-cond-assign
  2:13856  warning  Expected a conditional expression and instead saw an assignment            no-cond-assign
  2:14066  warning  Expected a conditional expression and instead saw an assignment            no-cond-assign
  2:14224  warning  Expected a conditional expression and instead saw an assignment            no-cond-assign
  2:14540  warning  Do not access Object.prototype method 'hasOwnProperty' from target object  no-prototype-builtins
  2:15232  warning  Expected a conditional expression and instead saw an assignment            no-cond-assign
  2:15588  warning  Empty block statement                                                      no-empty
  2:17443  warning  Expected a conditional expression and instead saw an assignment            no-cond-assign
  2:17541  warning  Expected a conditional expression and instead saw an assignment            no-cond-assign
  2:17601  warning  Expected a conditional expression and instead saw an assignment            no-cond-assign
  2:17728  warning  Expected a conditional expression and instead saw an assignment            no-cond-assign
  2:18898  warning  Expected a conditional expression and instead saw an assignment            no-cond-assign
  2:19630  warning  Expected a conditional expression and instead saw an assignment            no-cond-assign
  2:19743  warning  Expected a conditional expression and instead saw an assignment            no-cond-assign
  2:21298  warning  Unnecessary escape character: \/                                           no-useless-escape
  2:31055  warning  Empty block statement                                                      no-empty
  2:34816  warning  Unnecessary escape character: \/                                           no-useless-escape
  2:36474  warning  Expected a conditional expression and instead saw an assignment            no-cond-assign
  2:36590  warning  Expected a conditional expression and instead saw an assignment            no-cond-assign
  2:43519  warning  Expected a conditional expression and instead saw an assignment            no-cond-assign
  2:47142  warning  Expected a conditional expression and instead saw an assignment            no-cond-assign
  2:48710  warning  Empty block statement                                                      no-empty
  2:57439  warning  Expected a conditional expression and instead saw an assignment            no-cond-assign
  2:58614  warning  Expected a conditional expression and instead saw an assignment            no-cond-assign
  2:64312  warning  Expected a conditional expression and instead saw an assignment            no-cond-assign
  2:67209  warning  Expected a conditional expression and instead saw an assignment            no-cond-assign
  2:68903  warning  Empty block statement                                                      no-empty
  2:72295  warning  Expected a conditional expression and instead saw an assignment            no-cond-assign
  2:73901  warning  Expected a conditional expression and instead saw an assignment            no-cond-assign
  2:74681  warning  'r.href' is assigned to itself                                             no-self-assign
  2:79557  warning  Empty block statement                                                      no-empty
  2:82697  warning  Expected a conditional expression and instead saw an assignment            no-cond-assign
  2:87218  warning  'define' is not defined                                                    no-undef
  2:87230  warning  'define' is not defined                                                    no-undef

/home/runner/work/exp-column-peri-iitd/exp-column-peri-iitd/experiment/simulation/js/layout.js
   9:10  warning  'nextDrawerItem' is defined but never used  no-unused-vars
  18:3   warning  'get' is not defined                        no-undef
  21:10  warning  'backDrawerItem' is defined but never used  no-unused-vars
  97:7   warning  'anime' is not defined                      no-undef

/home/runner/work/exp-column-peri-iitd/exp-column-peri-iitd/experiment/simulation/js/main.js
   168:7   warning  'ChartGraph' is assigned a value but never used     no-unused-vars
   172:6   warning  'Graph1' is not defined                             no-undef
   176:6   warning  'Graph2' is not defined                             no-undef
   180:6   warning  'Graph3' is not defined                             no-undef
   184:6   warning  'Graph4' is not defined                             no-undef
   200:23  warning  'Chart' is not defined                              no-undef
   234:5   warning  'isPerformNext' is assigned a value but never used  no-unused-vars
   280:7   warning  'opacity' is assigned a value but never used        no-unused-vars
   286:7   warning  'hideAll' is assigned a value but never used        no-unused-vars
   286:28  warning  'disp' is assigned a value but never used           no-unused-vars
   292:7   warning  'showAll' is assigned a value but never used        no-unused-vars
   292:28  warning  'disp' is assigned a value but never used           no-unused-vars
   299:7   warning  'set' is assigned a value but never used            no-unused-vars
   323:34  warning  'anime' is not defined                              no-undef
   333:29  warning  'speed' is assigned a value but never used          no-unused-vars
   347:15  warning  'Typed' is not defined                              no-undef
   349:22  warning  'anime' is not defined                              no-undef
   367:19  warning  'src' is not defined                                no-undef
   486:17  warning  'anime' is not defined                              no-undef
   640:10  warning  'cursorPointer' is defined but never used           no-unused-vars
   648:5   warning  'moveCover' is assigned a value but never used      no-unused-vars
   648:27  warning  'topIdx' is defined but never used                  no-unused-vars
   648:35  warning  'bottomIdx' is defined but never used               no-unused-vars
   762:10  warning  'i' is not defined                                  no-undef
   763:18  warning  'i' is not defined                                  no-undef
   765:10  warning  'i' is not defined                                  no-undef
   766:11  warning  'i' is not defined                                  no-undef
   766:28  warning  'i' is not defined                                  no-undef
   766:48  warning  'i' is not defined                                  no-undef
   769:25  warning  'i' is not defined                                  no-undef
   832:6   warning  'intro' is not defined                              no-undef
   866:18  warning  'anime' is not defined                              no-undef
   888:34  warning  'Typed' is not defined                              no-undef
   926:6   warning  'objective' is not defined                          no-undef
   942:9   warning  'anime' is not defined                              no-undef
   953:6   warning  'step2' is not defined                              no-undef
   998:11  warning  'anime' is not defined                              no-undef
  1017:11  warning  'anime' is not defined                              no-undef
  1033:11  warning  'anime' is not defined                              no-undef
  1074:6   warning  'step3' is not defined                              no-undef
  1104:11  warning  'anime' is not defined                              no-undef
  1124:11  warning  'anime' is not defined                              no-undef
  1144:11  warning  'anime' is not defined                              no-undef
  1172:6   warning  'step4' is not defined                              no-undef
  1225:11  warning  'anime' is not defined                              no-undef
  1248:11  warning  'anime' is not defined                              no-undef
  1271:11  warning  'anime' is not defined                              no-undef
  1294:11  warning  'anime' is not defined                              no-undef
  1326:6   warning  'step5' is not defined                              no-undef
  1423:11  warning  'anime' is not defined                              no-undef
  1468:11  warning  'anime' is not defined                              no-undef
  1519:11  warning  'anime' is not defined                              no-undef
  1574:19  warning  'anime' is not defined                              no-undef
  1601:6   warning  'completed' is not defined                          no-undef
  1647:7   warning  'backDrawerItem' is not defined                     no-undef
  1648:7   warning  'backProgressBar' is not defined                    no-undef
  1663:9   warning  'nextDrawerItem' is not defined                     no-undef
  1664:9   warning  'nextProgressBar' is not defined                    no-undef
  1667:12  warning  Empty block statement                               no-empty

/home/runner/work/exp-column-peri-iitd/exp-column-peri-iitd/experiment/simulation/js/progressBar.js
   2:7  warning  'prevBtns' is assigned a value but never used         no-unused-vars
   3:7  warning  'nextBtns' is assigned a value but never used         no-unused-vars
  11:7  warning  'nextProgressBar' is assigned a value but never used  no-unused-vars
  18:7  warning  'backProgressBar' is assigned a value but never used  no-unused-vars

✖ 122 problems (0 errors, 122 warnings)

